-- Test gprecoverseg from config file uses the correct dbid.
--
-- In github issue 9837 dbid in gp_segment_configuration is not
-- consistent with dbid in file internal.auto.conf.
-- This is caused by gprecoverseg fetch the smallest dbid in
-- gp_segment_configuration which is not occupied by others when
-- adding a new mirror. When dbid in gp_segment_configuration is not
-- continous, the inconsistent issue will happen

--
-- generate_recover_config_file:
--   Generate config file used by recoverseg -i, to trigger '__callSegmentAddMirror',
--   we should recover the segment to a different datadir location instead of its
--   original one.
--
create or replace function generate_recover_config_file(datadir text, port text) returns void as $$ import io import os myhost = os.uname()[1] srcConfig = myhost + '|' + port + '|' + datadir dstConfig = myhost + '|' + port + '|' + datadir + 'temp' configStr = srcConfig + ' ' + dstConfig  f = open("/tmp/recover_config_file1", "w") f.write(configStr) f.close() 
configStr = dstConfig + ' ' + srcConfig f = open("/tmp/recover_config_file2", "w") f.write(configStr) f.close() $$ language plpython3u;
CREATE

SELECT dbid, role, preferred_role, content, status FROM gp_segment_configuration order by dbid;
 dbid | role | preferred_role | content | status 
------+------+----------------+---------+--------
 1    | p    | p              | -1      | u      
 2    | p    | p              | 0       | u      
 3    | p    | p              | 1       | u      
 4    | p    | p              | 2       | u      
 5    | m    | m              | 0       | u      
 6    | m    | m              | 1       | u      
 7    | m    | m              | 2       | u      
 8    | m    | m              | -1      | u      
(8 rows)
-- stop a primary in order to trigger a mirror promotion
select pg_ctl((select datadir from gp_segment_configuration c where c.role='p' and c.content=1), 'stop');
 pg_ctl 
--------
 OK     
(1 row)

-- trigger failover
select gp_request_fts_probe_scan();
 gp_request_fts_probe_scan 
---------------------------
 t                         
(1 row)

-- wait for content 1 (earlier mirror, now primary) to finish the promotion
!\retcode gpfts -A -D;
-- start_ignore

-- end_ignore
(exited with code 0)

-- generate recover config file
select generate_recover_config_file( (select datadir from gp_segment_configuration c where c.role='m' and c.content=1), (select port from gp_segment_configuration c where c.role='m' and c.content=1)::text);
 generate_recover_config_file 
------------------------------
                              
(1 row)

-- recover from config file, only seg with content=1 will be recovered
!\retcode gprecoverseg -a -i /tmp/recover_config_file1;
-- start_ignore

-- end_ignore
(exited with code 0)

!\retcode gpfts -A -D;
-- start_ignore

-- end_ignore
(exited with code 0)

-- after gprecoverseg -i, the down segemnt should be up
-- in mirror mode
select status from gp_segment_configuration where role='m' and content=1;
 status 
--------
 u      
(1 row)

-- recover should reuse the old dbid and not occupy dbid=2
select dbid from gp_segment_configuration where dbid=2;
 dbid 
------
 2    
(1 row)

-- recover the segment to its original datadir
!\retcode gprecoverseg -a -i /tmp/recover_config_file2;
-- start_ignore

-- end_ignore
(exited with code 0)

!\retcode gpfts -A -D;
-- start_ignore

-- end_ignore
(exited with code 0)

-- loop while segments come in sync
select wait_until_all_segments_synchronized();
 wait_until_all_segments_synchronized 
--------------------------------------
 OK                                   
(1 row)

-- rebalance the cluster
!\retcode gprecoverseg -ar;
-- start_ignore

-- end_ignore
(exited with code 0)

!\retcode gpfts -A -D;
-- start_ignore

-- end_ignore
(exited with code 0)

-- after rebalance walrec in mirror(content=0) will failed to connect
!\retcode gprecoverseg -a;
-- start_ignore

-- end_ignore
(exited with code 0)

!\retcode gpfts -A -D;
-- start_ignore

-- end_ignore
(exited with code 0)
-- loop while segments come in sync
select wait_until_all_segments_synchronized();
 wait_until_all_segments_synchronized 
--------------------------------------
 OK                                   
(1 row)

-- recheck gp_segment_configuration after rebalance
SELECT dbid, role, preferred_role, content, status FROM gp_segment_configuration order by dbid;
 dbid | role | preferred_role | content | status 
------+------+----------------+---------+--------
 1    | p    | p              | -1      | u      
 2    | p    | p              | 0       | u      
 3    | p    | p              | 1       | u      
 4    | p    | p              | 2       | u      
 5    | m    | m              | 0       | u      
 6    | m    | m              | 1       | u      
 7    | m    | m              | 2       | u      
 8    | m    | m              | -1      | u      
(8 rows)

-- remove recovered segment's temp datadir
!\retcode rm -rf `cat /tmp/recover_config_file2 | awk 'BEGIN {FS=" "}  {print $1}' | awk 'BEGIN {FS="|"}  {print $3}'`;
-- start_ignore

-- end_ignore
(exited with code 0)
-- remove the config file
!\retcode rm /tmp/recover_config_file1;
-- start_ignore

-- end_ignore
(exited with code 0)
!\retcode rm /tmp/recover_config_file2;
-- start_ignore

-- end_ignore
(exited with code 0)

