alter system set autovacuum = on;
ALTER
select gp_segment_id, pg_reload_conf() from gp_id union select gp_segment_id, pg_reload_conf() from gp_dist_random('gp_id');
 gp_segment_id | pg_reload_conf 
---------------+----------------
 -1            | t              
(1 row)
